// Jest Snapshot v1, https://goo.gl/fbAQLP

exports[`Search renders correctly 1`] = `
<div
  className="search"
>
  <header>
    <h1>
      KindaNetflix
    </h1>
    <input
      onChange={[Function]}
      placeholder="Search"
      type="text"
      value="game"
    />
  </header>
  <div>
    <ShowCard
      description="Nine noble families fight for control over the mythical lands of Westeros, while a forgotten race returns after being dormant for thousands of years."
      imdbID="tt0944947"
      key="tt0944947"
      poster="got.jpg"
      title="Game of Thrones"
      trailer="giYeaKsXnsI"
      year="2011–"
    />
  </div>
</div>
`;
